---
source: crates/util/src/diff.rs
expression: parsed
---
- old_path: crates/cli_bin/fixtures/es6/empty_export_object.js
  new_path: crates/cli_bin/fixtures/es6/empty_export_object.js
  ranges:
    - before:
        start:
          line: 8
          column: 1
        end:
          line: 9
          column: 1
      after:
        start:
          line: 8
          column: 1
        end:
          line: 9
          column: 1
- old_path: crates/cli_bin/fixtures/es6/export.js
  new_path: ~
  ranges: []
- old_path: crates/cli_bin/fixtures/es6/export_object.js
  new_path: crates/cli_bin/fixtures/es6/export_object.js
  ranges:
    - before:
        start:
          line: 1
          column: 1
        end:
          line: 20
          column: 1
      after:
        start:
          line: 1
          column: 1
        end:
          line: 1
          column: 1
    - before:
        start:
          line: 5
          column: 1
        end:
          line: 6
          column: 1
      after:
        start:
          line: 5
          column: 1
        end:
          line: 8
          column: 1
