---
source: crates/util/src/diff_standardizer.rs
expression: result
---
unchanged content
