---
source: apps/marzano/cli/tests/apply.rs
expression: content
---
const colors = {
  "background": "rot",
};

