---
source: apps/marzano/cli/tests/apply.rs
expression: content
---
import os

import openai
from flask import Flask, redirect, render_template, request, url_for

app = Flask(__name__)
openai.api_key = dotenv.fetch("OPENAI_API_KEY")

