---
source: apps/marzano/cli/tests/apply.rs
expression: content
---
require('./side-effects-only-1.js');
import { named1, alias2 as named2, alias3 as named3 } from 'path/to/file/1';
import { named4 as alias4 } from 'npm-lib-1';
import entireModule from 'npm-lib-2';
import fs from 'fs';

