---
source: apps/marzano/cli/tests/apply.rs
expression: content
---
Fizz;
8;
Buzz;
FizzBuzz;

