---
source: apps/marzano/cli/tests/apply.rs
expression: content
---
console.log(foo);
console.log(foo);
console.log(foo);
console.log(foo);

