---
source: apps/marzano/cli/tests/check.rs
expression: summary
---
# Summary

| Check | Description | Level | Total Findings |
| --- | --- | --- | --- |
| test_js | - | error | 0 |
| test_notice | This is just a notice. | info | 1 |
| test_python | - | warning | 0 |

