---
source: crates/gritmodule/src/markdown.rs
expression: patterns
---
- config:
    name: no_debugger
    body: "engine marzano(0.1)\nlanguage js\n\ndebugger_statement() => .\n"
    level: info
    title: Pattern one
    description: This is a single Markdown file with multiple grit patterns.
    tags: ~
    samples:
      - name: Pattern one
        input: "function isTruthy(x) {\n  debugger;\n  return Boolean(x);\n}\n"
        output: "function isTruthy(x) {\n  return Boolean(x);\n}\n"
        input_range:
          start:
            line: 16
            column: 1
          end:
            line: 20
            column: 1
          startByte: 174
          endByte: 232
        output_range:
          start:
            line: 23
            column: 1
          end:
            line: 26
            column: 1
          startByte: 251
          endByte: 297
      - name: Test case 2
        input: "function isTruthy(x) {\n  debugger;\n  return Boolean(x);\n}\n"
        output: "function isTruthy(x) {\n  return Boolean(x);\n}\n"
        input_range:
          start:
            line: 31
            column: 1
          end:
            line: 35
            column: 1
          startByte: 333
          endByte: 391
        output_range:
          start:
            line: 38
            column: 1
          end:
            line: 41
            column: 1
          startByte: 410
          endByte: 456
    path: no_debugger.md
    position:
      line: 7
      column: 1
    raw:
      format: markdown
      content: "\nThis is a single Markdown file with multiple grit patterns.\n\n## Pattern one\n\n```grit\nengine marzano(0.1)\nlanguage js\n\ndebugger_statement() => .\n```\n\nExample:\n\n```javascript\nfunction isTruthy(x) {\n  debugger;\n  return Boolean(x);\n}\n```\n\n```typescript\nfunction isTruthy(x) {\n  return Boolean(x);\n}\n```\n\n### Test case 2\n\n```javascript\nfunction isTruthy(x) {\n  debugger;\n  return Boolean(x);\n}\n```\n\n```typescript\nfunction isTruthy(x) {\n  return Boolean(x);\n}\n```\n\n## Pattern two\n\n```grit\nengine marzano(0.1)\nlanguage js\n\n`console.log($_)` => .\n```\n\n### Test case 3 - non matching.\n\n```javascript\nfunction isTruthy(x) {\n  console.error(\"Hello\");\n  return Boolean(x);\n}\n```\n\n### Test case 4\n\n```javascript\nfunction isTruthy(x) {\n  console.log(\"Hello\");\n  return Boolean(x);\n}\n```\n\n```typescript\nfunction isTruthy(x) {\n  return Boolean(x);\n}\n```\n"
  module: ~
  local_name: no_debugger
- config:
    name: no_debugger-1
    body: "engine marzano(0.1)\nlanguage js\n\n`console.log($_)` => .\n"
    level: info
    title: Pattern two
    description: This is a single Markdown file with multiple grit patterns.
    tags: ~
    samples:
      - name: Test case 3 - non matching.
        input: "function isTruthy(x) {\n  console.error(\"Hello\");\n  return Boolean(x);\n}\n"
        output: ~
        input_range:
          start:
            line: 55
            column: 1
          end:
            line: 59
            column: 1
          startByte: 593
          endByte: 665
        output_range: ~
      - name: Test case 4
        input: "function isTruthy(x) {\n  console.log(\"Hello\");\n  return Boolean(x);\n}\n"
        output: "function isTruthy(x) {\n  return Boolean(x);\n}\n"
        input_range:
          start:
            line: 64
            column: 1
          end:
            line: 68
            column: 1
          startByte: 701
          endByte: 771
        output_range:
          start:
            line: 71
            column: 1
          end:
            line: 74
            column: 1
          startByte: 790
          endByte: 836
    path: no_debugger.md
    position:
      line: 46
      column: 1
    raw:
      format: markdown
      content: "\nThis is a single Markdown file with multiple grit patterns.\n\n## Pattern one\n\n```grit\nengine marzano(0.1)\nlanguage js\n\ndebugger_statement() => .\n```\n\nExample:\n\n```javascript\nfunction isTruthy(x) {\n  debugger;\n  return Boolean(x);\n}\n```\n\n```typescript\nfunction isTruthy(x) {\n  return Boolean(x);\n}\n```\n\n### Test case 2\n\n```javascript\nfunction isTruthy(x) {\n  debugger;\n  return Boolean(x);\n}\n```\n\n```typescript\nfunction isTruthy(x) {\n  return Boolean(x);\n}\n```\n\n## Pattern two\n\n```grit\nengine marzano(0.1)\nlanguage js\n\n`console.log($_)` => .\n```\n\n### Test case 3 - non matching.\n\n```javascript\nfunction isTruthy(x) {\n  console.error(\"Hello\");\n  return Boolean(x);\n}\n```\n\n### Test case 4\n\n```javascript\nfunction isTruthy(x) {\n  console.log(\"Hello\");\n  return Boolean(x);\n}\n```\n\n```typescript\nfunction isTruthy(x) {\n  return Boolean(x);\n}\n```\n"
  module: ~
  local_name: no_debugger-1
