---
source: apps/marzano/core/src/test.rs
expression: results
---
- __typename: Rewrite
  original:
    messages: []
    variables:
      - name: $new_files
        scopedName: 0_0_$new_files
        ranges: []
      - name: $program
        scopedName: 0_1_$program
        ranges: []
      - name: $filename
        scopedName: 0_2_$filename
        ranges: []
      - name: $absolute_filename
        scopedName: 0_3_$absolute_filename
        ranges: []
      - name: $name
        scopedName: 1_0_$name
        ranges: []
      - name: $body
        scopedName: 1_1_$body
        ranges:
          - start:
              line: 2
              column: 9
            end:
              line: 6
              column: 9
            startByte: 9
            endByte: 82
      - name: $value
        scopedName: 1_2_$value
        ranges:
          - start:
              line: 4
              column: 19
            end:
              line: 4
              column: 24
            startByte: 58
            endByte: 63
    sourceFile: foo.package.json
    ranges: []
    debug: "{\n  \"SORT\": \"document\",\n  \"RANGE\": {\n    \"start\": {\n      \"line\": 2,\n      \"column\": 9\n    },\n    \"end\": {\n      \"line\": 6,\n      \"column\": 9\n    }\n  },\n  \"value\": {\n    \"SORT\": \"object\",\n    \"RANGE\": {\n      \"start\": {\n        \"line\": 2,\n        \"column\": 9\n      },\n      \"end\": {\n        \"line\": 5,\n        \"column\": 10\n      }\n    },\n    \"properties\": [\n      {\n        \"SORT\": \"pair\",\n        \"RANGE\": {\n          \"start\": {\n            \"line\": 3,\n            \"column\": 11\n          },\n          \"end\": {\n            \"line\": 3,\n            \"column\": 28\n          }\n        },\n        \"key\": {\n          \"SORT\": \"string\",\n          \"RANGE\": {\n            \"start\": {\n              \"line\": 3,\n              \"column\": 11\n            },\n            \"end\": {\n              \"line\": 3,\n              \"column\": 21\n            }\n          },\n          \"content\": {\n            \"SORT\": \"string_content\",\n            \"RANGE\": {\n              \"start\": {\n                \"line\": 3,\n                \"column\": 12\n              },\n              \"end\": {\n                \"line\": 3,\n                \"column\": 20\n              }\n            },\n            \"TEXT\": \"not-name\"\n          },\n          \"CHILDREN\": [\n            {\n              \"SORT\": \"\\\"\",\n              \"RANGE\": {\n                \"start\": {\n                  \"line\": 3,\n                  \"column\": 11\n                },\n                \"end\": {\n                  \"line\": 3,\n                  \"column\": 12\n                }\n              },\n              \"TEXT\": \"\\\"\"\n            },\n            {\n              \"SORT\": \"\\\"\",\n              \"RANGE\": {\n                \"start\": {\n                  \"line\": 3,\n                  \"column\": 20\n                },\n                \"end\": {\n                  \"line\": 3,\n                  \"column\": 21\n                }\n              },\n              \"TEXT\": \"\\\"\"\n            }\n          ]\n        },\n        \"value\": {\n          \"SORT\": \"string\",\n          \"RANGE\": {\n            \"start\": {\n              \"line\": 3,\n              \"column\": 23\n            },\n            \"end\": {\n              \"line\": 3,\n              \"column\": 28\n            }\n          },\n          \"content\": {\n            \"SORT\": \"string_content\",\n            \"RANGE\": {\n              \"start\": {\n                \"line\": 3,\n                \"column\": 24\n              },\n              \"end\": {\n                \"line\": 3,\n                \"column\": 27\n              }\n            },\n            \"TEXT\": \"foo\"\n          },\n          \"CHILDREN\": [\n            {\n              \"SORT\": \"\\\"\",\n              \"RANGE\": {\n                \"start\": {\n                  \"line\": 3,\n                  \"column\": 23\n                },\n                \"end\": {\n                  \"line\": 3,\n                  \"column\": 24\n                }\n              },\n              \"TEXT\": \"\\\"\"\n            },\n            {\n              \"SORT\": \"\\\"\",\n              \"RANGE\": {\n                \"start\": {\n                  \"line\": 3,\n                  \"column\": 27\n                },\n                \"end\": {\n                  \"line\": 3,\n                  \"column\": 28\n                }\n              },\n              \"TEXT\": \"\\\"\"\n            }\n          ]\n        },\n        \"CHILDREN\": [\n          {\n            \"SORT\": \":\",\n            \"RANGE\": {\n              \"start\": {\n                \"line\": 3,\n                \"column\": 21\n              },\n              \"end\": {\n                \"line\": 3,\n                \"column\": 22\n              }\n            },\n            \"TEXT\": \":\"\n          }\n        ]\n      },\n      {\n        \"SORT\": \",\",\n        \"RANGE\": {\n          \"start\": {\n            \"line\": 3,\n            \"column\": 28\n          },\n          \"end\": {\n            \"line\": 3,\n            \"column\": 29\n          }\n        },\n        \"TEXT\": \",\"\n      },\n      {\n        \"SORT\": \"pair\",\n        \"RANGE\": {\n          \"start\": {\n            \"line\": 4,\n            \"column\": 11\n          },\n          \"end\": {\n            \"line\": 4,\n            \"column\": 24\n          }\n        },\n        \"key\": {\n          \"SORT\": \"string\",\n          \"RANGE\": {\n            \"start\": {\n              \"line\": 4,\n              \"column\": 11\n            },\n            \"end\": {\n              \"line\": 4,\n              \"column\": 17\n            }\n          },\n          \"content\": {\n            \"SORT\": \"string_content\",\n            \"RANGE\": {\n              \"start\": {\n                \"line\": 4,\n                \"column\": 12\n              },\n              \"end\": {\n                \"line\": 4,\n                \"column\": 16\n              }\n            },\n            \"TEXT\": \"name\"\n          },\n          \"CHILDREN\": [\n            {\n              \"SORT\": \"\\\"\",\n              \"RANGE\": {\n                \"start\": {\n                  \"line\": 4,\n                  \"column\": 11\n                },\n                \"end\": {\n                  \"line\": 4,\n                  \"column\": 12\n                }\n              },\n              \"TEXT\": \"\\\"\"\n            },\n            {\n              \"SORT\": \"\\\"\",\n              \"RANGE\": {\n                \"start\": {\n                  \"line\": 4,\n                  \"column\": 16\n                },\n                \"end\": {\n                  \"line\": 4,\n                  \"column\": 17\n                }\n              },\n              \"TEXT\": \"\\\"\"\n            }\n          ]\n        },\n        \"value\": {\n          \"SORT\": \"string\",\n          \"RANGE\": {\n            \"start\": {\n              \"line\": 4,\n              \"column\": 19\n            },\n            \"end\": {\n              \"line\": 4,\n              \"column\": 24\n            }\n          },\n          \"content\": {\n            \"SORT\": \"string_content\",\n            \"RANGE\": {\n              \"start\": {\n                \"line\": 4,\n                \"column\": 20\n              },\n              \"end\": {\n                \"line\": 4,\n                \"column\": 23\n              }\n            },\n            \"TEXT\": \"foo\"\n          },\n          \"CHILDREN\": [\n            {\n              \"SORT\": \"\\\"\",\n              \"RANGE\": {\n                \"start\": {\n                  \"line\": 4,\n                  \"column\": 19\n                },\n                \"end\": {\n                  \"line\": 4,\n                  \"column\": 20\n                }\n              },\n              \"TEXT\": \"\\\"\"\n            },\n            {\n              \"SORT\": \"\\\"\",\n              \"RANGE\": {\n                \"start\": {\n                  \"line\": 4,\n                  \"column\": 23\n                },\n                \"end\": {\n                  \"line\": 4,\n                  \"column\": 24\n                }\n              },\n              \"TEXT\": \"\\\"\"\n            }\n          ]\n        },\n        \"CHILDREN\": [\n          {\n            \"SORT\": \":\",\n            \"RANGE\": {\n              \"start\": {\n                \"line\": 4,\n                \"column\": 17\n              },\n              \"end\": {\n                \"line\": 4,\n                \"column\": 18\n              }\n            },\n            \"TEXT\": \":\"\n          }\n        ]\n      }\n    ],\n    \"CHILDREN\": [\n      {\n        \"SORT\": \"{\",\n        \"RANGE\": {\n          \"start\": {\n            \"line\": 2,\n            \"column\": 9\n          },\n          \"end\": {\n            \"line\": 2,\n            \"column\": 10\n          }\n        },\n        \"TEXT\": \"{\"\n      },\n      {\n        \"SORT\": \"}\",\n        \"RANGE\": {\n          \"start\": {\n            \"line\": 5,\n            \"column\": 9\n          },\n          \"end\": {\n            \"line\": 5,\n            \"column\": 10\n          }\n        },\n        \"TEXT\": \"}\"\n      }\n    ]\n  }\n}"
  rewritten:
    messages: []
    variables: []
    sourceFile: foo.package.json
    content: "\n        {\n          \"not-name\": \"foo\",\n          \"name\": \"bar\"\n        }\n        "
    byteRanges:
      - start: 58
        end: 63
  ansiSummary: ""
  reason: ~
- __typename: DoneFile
  relativeFilePath: foo.package.json

