---
source: crates/core/src/test.rs
expression: results
---
- __typename: Match
  messages: []
  variables:
    - name: $new_files
      scopedName: 0_0_$new_files
      ranges: []
    - name: $program
      scopedName: 0_1_$program
      ranges: []
    - name: $filename
      scopedName: 0_2_$filename
      ranges: []
    - name: $absolute_filename
      scopedName: 0_3_$absolute_filename
      ranges: []
    - name: $names
      scopedName: 1_0_$names
      ranges: []
    - name: $names
      scopedName: 2_0_$names
      ranges: []
    - name: $name
      scopedName: 2_1_$name
      ranges: []
    - name: $body
      scopedName: 2_2_$body
      ranges: []
    - name: $activities
      scopedName: 2_3_$activities
      ranges: []
    - name: $names
      scopedName: 3_0_$names
      ranges: []
    - name: $activity
      scopedName: 3_1_$activity
      ranges: []
    - name: $names
      scopedName: 4_0_$names
      ranges: []
    - name: $name
      scopedName: 4_1_$name
      ranges: []
    - name: $body
      scopedName: 4_2_$body
      ranges: []
    - name: $old
      scopedName: 4_3_$old
      ranges: []
    - name: $new_names
      scopedName: 4_4_$new_names
      ranges: []
  sourceFile: ~/dev/rewriter/packages/sdk/src/stdlib/index.ts
  ranges: []
  debug: "{\n  \"SORT\": \"program\",\n  \"RANGE\": {\n    \"start\": {\n      \"line\": 1,\n      \"column\": 1\n    },\n    \"end\": {\n      \"line\": 9,\n      \"column\": 45\n    }\n  },\n  \"statements\": [\n    {\n      \"SORT\": \"import_statement\",\n      \"RANGE\": {\n        \"start\": {\n          \"line\": 1,\n          \"column\": 1\n        },\n        \"end\": {\n          \"line\": 1,\n          \"column\": 41\n        }\n      },\n      \"import\": {\n        \"SORT\": \"import_clause\",\n        \"RANGE\": {\n          \"start\": {\n            \"line\": 1,\n            \"column\": 8\n          },\n          \"end\": {\n            \"line\": 1,\n            \"column\": 23\n          }\n        },\n        \"name\": {\n          \"SORT\": \"named_imports\",\n          \"RANGE\": {\n            \"start\": {\n              \"line\": 1,\n              \"column\": 8\n            },\n            \"end\": {\n              \"line\": 1,\n              \"column\": 23\n            }\n          },\n          \"imports\": [\n            {\n              \"SORT\": \"import_specifier\",\n              \"RANGE\": {\n                \"start\": {\n                  \"line\": 1,\n                  \"column\": 10\n                },\n                \"end\": {\n                  \"line\": 1,\n                  \"column\": 21\n                }\n              },\n              \"name\": {\n                \"SORT\": \"identifier\",\n                \"RANGE\": {\n                  \"start\": {\n                    \"line\": 1,\n                    \"column\": 10\n                  },\n                  \"end\": {\n                    \"line\": 1,\n                    \"column\": 21\n                  }\n                },\n                \"TEXT\": \"findConfigs\"\n              }\n            }\n          ],\n          \"CHILDREN\": [\n            {\n              \"SORT\": \"{\",\n              \"RANGE\": {\n                \"start\": {\n                  \"line\": 1,\n                  \"column\": 8\n                },\n                \"end\": {\n                  \"line\": 1,\n                  \"column\": 9\n                }\n              },\n              \"TEXT\": \"{\"\n            },\n            {\n              \"SORT\": \"}\",\n              \"RANGE\": {\n                \"start\": {\n                  \"line\": 1,\n                  \"column\": 22\n                },\n                \"end\": {\n                  \"line\": 1,\n                  \"column\": 23\n                }\n              },\n              \"TEXT\": \"}\"\n            }\n          ]\n        }\n      },\n      \"source\": {\n        \"SORT\": \"string\",\n        \"RANGE\": {\n          \"start\": {\n            \"line\": 1,\n            \"column\": 29\n          },\n          \"end\": {\n            \"line\": 1,\n            \"column\": 40\n          }\n        },\n        \"fragment\": [\n          {\n            \"SORT\": \"string_fragment\",\n            \"RANGE\": {\n              \"start\": {\n                \"line\": 1,\n                \"column\": 30\n              },\n              \"end\": {\n                \"line\": 1,\n                \"column\": 39\n              }\n            },\n            \"TEXT\": \"./configs\"\n          }\n        ],\n        \"CHILDREN\": [\n          {\n            \"SORT\": \"'\",\n            \"RANGE\": {\n              \"start\": {\n                \"line\": 1,\n                \"column\": 29\n              },\n              \"end\": {\n                \"line\": 1,\n                \"column\": 30\n              }\n            },\n            \"TEXT\": \"'\"\n          },\n          {\n            \"SORT\": \"'\",\n            \"RANGE\": {\n              \"start\": {\n                \"line\": 1,\n                \"column\": 39\n              },\n              \"end\": {\n                \"line\": 1,\n                \"column\": 40\n              }\n            },\n            \"TEXT\": \"'\"\n          }\n        ]\n      },\n      \"CHILDREN\": [\n        {\n          \"SORT\": \"import\",\n          \"RANGE\": {\n            \"start\": {\n              \"line\": 1,\n              \"column\": 1\n            },\n            \"end\": {\n              \"line\": 1,\n              \"column\": 7\n            }\n          },\n          \"TEXT\": \"import\"\n        },\n        {\n          \"SORT\": \"from\",\n          \"RANGE\": {\n            \"start\": {\n              \"line\": 1,\n              \"column\": 24\n            },\n            \"end\": {\n              \"line\": 1,\n              \"column\": 28\n            }\n          },\n          \"TEXT\": \"from\"\n        },\n        {\n          \"SORT\": \";\",\n          \"RANGE\": {\n            \"start\": {\n              \"line\": 1,\n              \"column\": 40\n            },\n            \"end\": {\n              \"line\": 1,\n              \"column\": 41\n            }\n          },\n          \"TEXT\": \";\"\n        }\n      ]\n    },\n    {\n      \"SORT\": \"export_statement\",\n      \"RANGE\": {\n        \"start\": {\n          \"line\": 3,\n          \"column\": 1\n        },\n        \"end\": {\n          \"line\": 7,\n          \"column\": 3\n        }\n      },\n      \"declaration\": {\n        \"SORT\": \"lexical_declaration\",\n        \"RANGE\": {\n          \"start\": {\n            \"line\": 3,\n            \"column\": 8\n          },\n          \"end\": {\n            \"line\": 7,\n            \"column\": 3\n          }\n        },\n        \"declarations\": [\n          {\n            \"SORT\": \"variable_declarator\",\n            \"RANGE\": {\n              \"start\": {\n                \"line\": 3,\n                \"column\": 14\n              },\n              \"end\": {\n                \"line\": 7,\n                \"column\": 2\n              }\n            },\n            \"name\": {\n              \"SORT\": \"identifier\",\n              \"RANGE\": {\n                \"start\": {\n                  \"line\": 3,\n                  \"column\": 14\n                },\n                \"end\": {\n                  \"line\": 3,\n                  \"column\": 20\n                }\n              },\n              \"TEXT\": \"stdlib\"\n            },\n            \"value\": {\n              \"SORT\": \"object\",\n              \"RANGE\": {\n                \"start\": {\n                  \"line\": 3,\n                  \"column\": 23\n                },\n                \"end\": {\n                  \"line\": 7,\n                  \"column\": 2\n                }\n              },\n              \"properties\": [\n                {\n                  \"SORT\": \"shorthand_property_identifier\",\n                  \"RANGE\": {\n                    \"start\": {\n                      \"line\": 4,\n                      \"column\": 3\n                    },\n                    \"end\": {\n                      \"line\": 4,\n                      \"column\": 7\n                    }\n                  },\n                  \"TEXT\": \"show\"\n                },\n                {\n                  \"SORT\": \",\",\n                  \"RANGE\": {\n                    \"start\": {\n                      \"line\": 4,\n                      \"column\": 7\n                    },\n                    \"end\": {\n                      \"line\": 4,\n                      \"column\": 8\n                    }\n                  },\n                  \"TEXT\": \",\"\n                },\n                {\n                  \"SORT\": \"shorthand_property_identifier\",\n                  \"RANGE\": {\n                    \"start\": {\n                      \"line\": 5,\n                      \"column\": 3\n                    },\n                    \"end\": {\n                      \"line\": 5,\n                      \"column\": 8\n                    }\n                  },\n                  \"TEXT\": \"apply\"\n                },\n                {\n                  \"SORT\": \",\",\n                  \"RANGE\": {\n                    \"start\": {\n                      \"line\": 5,\n                      \"column\": 8\n                    },\n                    \"end\": {\n                      \"line\": 5,\n                      \"column\": 9\n                    }\n                  },\n                  \"TEXT\": \",\"\n                },\n                {\n                  \"SORT\": \"shorthand_property_identifier\",\n                  \"RANGE\": {\n                    \"start\": {\n                      \"line\": 6,\n                      \"column\": 3\n                    },\n                    \"end\": {\n                      \"line\": 6,\n                      \"column\": 5\n                    }\n                  },\n                  \"TEXT\": \"sh\"\n                },\n                {\n                  \"SORT\": \",\",\n                  \"RANGE\": {\n                    \"start\": {\n                      \"line\": 6,\n                      \"column\": 5\n                    },\n                    \"end\": {\n                      \"line\": 6,\n                      \"column\": 6\n                    }\n                  },\n                  \"TEXT\": \",\"\n                }\n              ],\n              \"CHILDREN\": [\n                {\n                  \"SORT\": \"{\",\n                  \"RANGE\": {\n                    \"start\": {\n                      \"line\": 3,\n                      \"column\": 23\n                    },\n                    \"end\": {\n                      \"line\": 3,\n                      \"column\": 24\n                    }\n                  },\n                  \"TEXT\": \"{\"\n                },\n                {\n                  \"SORT\": \"}\",\n                  \"RANGE\": {\n                    \"start\": {\n                      \"line\": 7,\n                      \"column\": 1\n                    },\n                    \"end\": {\n                      \"line\": 7,\n                      \"column\": 2\n                    }\n                  },\n                  \"TEXT\": \"}\"\n                }\n              ]\n            },\n            \"CHILDREN\": [\n              {\n                \"SORT\": \"=\",\n                \"RANGE\": {\n                  \"start\": {\n                    \"line\": 3,\n                    \"column\": 21\n                  },\n                  \"end\": {\n                    \"line\": 3,\n                    \"column\": 22\n                  }\n                },\n                \"TEXT\": \"=\"\n              }\n            ]\n          }\n        ],\n        \"kind\": {\n          \"SORT\": \"const\",\n          \"RANGE\": {\n            \"start\": {\n              \"line\": 3,\n              \"column\": 8\n            },\n            \"end\": {\n              \"line\": 3,\n              \"column\": 13\n            }\n          },\n          \"TEXT\": \"const\"\n        },\n        \"CHILDREN\": [\n          {\n            \"SORT\": \";\",\n            \"RANGE\": {\n              \"start\": {\n                \"line\": 7,\n                \"column\": 2\n              },\n              \"end\": {\n                \"line\": 7,\n                \"column\": 3\n              }\n            },\n            \"TEXT\": \";\"\n          }\n        ]\n      },\n      \"CHILDREN\": [\n        {\n          \"SORT\": \"export\",\n          \"RANGE\": {\n            \"start\": {\n              \"line\": 3,\n              \"column\": 1\n            },\n            \"end\": {\n              \"line\": 3,\n              \"column\": 7\n            }\n          },\n          \"TEXT\": \"export\"\n        }\n      ]\n    },\n    {\n      \"SORT\": \"export_statement\",\n      \"RANGE\": {\n        \"start\": {\n          \"line\": 9,\n          \"column\": 1\n        },\n        \"end\": {\n          \"line\": 9,\n          \"column\": 45\n        }\n      },\n      \"declaration\": {\n        \"SORT\": \"type_alias_declaration\",\n        \"RANGE\": {\n          \"start\": {\n            \"line\": 9,\n            \"column\": 8\n          },\n          \"end\": {\n            \"line\": 9,\n            \"column\": 45\n          }\n        },\n        \"name\": {\n          \"SORT\": \"type_identifier\",\n          \"RANGE\": {\n            \"start\": {\n              \"line\": 9,\n              \"column\": 13\n            },\n            \"end\": {\n              \"line\": 9,\n              \"column\": 28\n            }\n          },\n          \"TEXT\": \"StdLibFunctions\"\n        },\n        \"value\": {\n          \"SORT\": \"type_query\",\n          \"RANGE\": {\n            \"start\": {\n              \"line\": 9,\n              \"column\": 31\n            },\n            \"end\": {\n              \"line\": 9,\n              \"column\": 44\n            }\n          },\n          \"TEXT\": \"typeof stdlib\",\n          \"CHILDREN\": [\n            {\n              \"SORT\": \"typeof\",\n              \"RANGE\": {\n                \"start\": {\n                  \"line\": 9,\n                  \"column\": 31\n                },\n                \"end\": {\n                  \"line\": 9,\n                  \"column\": 37\n                }\n              },\n              \"TEXT\": \"typeof\"\n            },\n            {\n              \"SORT\": \"identifier\",\n              \"RANGE\": {\n                \"start\": {\n                  \"line\": 9,\n                  \"column\": 38\n                },\n                \"end\": {\n                  \"line\": 9,\n                  \"column\": 44\n                }\n              },\n              \"TEXT\": \"stdlib\"\n            }\n          ]\n        },\n        \"CHILDREN\": [\n          {\n            \"SORT\": \"type\",\n            \"RANGE\": {\n              \"start\": {\n                \"line\": 9,\n                \"column\": 8\n              },\n              \"end\": {\n                \"line\": 9,\n                \"column\": 12\n              }\n            },\n            \"TEXT\": \"type\",\n            \"CHILDREN\": [\n              {\n                \"SORT\": \"type\",\n                \"RANGE\": {\n                  \"start\": {\n                    \"line\": 9,\n                    \"column\": 8\n                  },\n                  \"end\": {\n                    \"line\": 9,\n                    \"column\": 12\n                  }\n                },\n                \"TEXT\": \"type\"\n              }\n            ]\n          },\n          {\n            \"SORT\": \"=\",\n            \"RANGE\": {\n              \"start\": {\n                \"line\": 9,\n                \"column\": 29\n              },\n              \"end\": {\n                \"line\": 9,\n                \"column\": 30\n              }\n            },\n            \"TEXT\": \"=\"\n          },\n          {\n            \"SORT\": \";\",\n            \"RANGE\": {\n              \"start\": {\n                \"line\": 9,\n                \"column\": 44\n              },\n              \"end\": {\n                \"line\": 9,\n                \"column\": 45\n              }\n            },\n            \"TEXT\": \";\"\n          }\n        ]\n      },\n      \"CHILDREN\": [\n        {\n          \"SORT\": \"export\",\n          \"RANGE\": {\n            \"start\": {\n              \"line\": 9,\n              \"column\": 1\n            },\n            \"end\": {\n              \"line\": 9,\n              \"column\": 7\n            }\n          },\n          \"TEXT\": \"export\"\n        }\n      ]\n    }\n  ],\n  \"CHILDREN\": [\n    {\n      \"SORT\": \"comment\",\n      \"RANGE\": {\n        \"start\": {\n          \"line\": 2,\n          \"column\": 1\n        },\n        \"end\": {\n          \"line\": 2,\n          \"column\": 63\n        }\n      },\n      \"TEXT\": \"// Remember: ./packages/timekeeper/src/__generated__/stdlib.ts\"\n    }\n  ]\n}"
- __typename: Rewrite
  original:
    messages: []
    variables:
      - name: $new_files
        scopedName: 0_0_$new_files
        ranges: []
      - name: $program
        scopedName: 0_1_$program
        ranges: []
      - name: $filename
        scopedName: 0_2_$filename
        ranges: []
      - name: $absolute_filename
        scopedName: 0_3_$absolute_filename
        ranges: []
      - name: $names
        scopedName: 1_0_$names
        ranges: []
      - name: $names
        scopedName: 2_0_$names
        ranges: []
      - name: $name
        scopedName: 2_1_$name
        ranges: []
      - name: $body
        scopedName: 2_2_$body
        ranges: []
      - name: $activities
        scopedName: 2_3_$activities
        ranges: []
      - name: $names
        scopedName: 3_0_$names
        ranges: []
      - name: $activity
        scopedName: 3_1_$activity
        ranges: []
      - name: $names
        scopedName: 4_0_$names
        ranges: []
      - name: $name
        scopedName: 4_1_$name
        ranges: []
      - name: $body
        scopedName: 4_2_$body
        ranges: []
      - name: $old
        scopedName: 4_3_$old
        ranges: []
      - name: $new_names
        scopedName: 4_4_$new_names
        ranges: []
    sourceFile: ~/dev/rewriter/packages/timekeeper/src/__generated__/stdlib.ts
    ranges: []
    debug: "{\n  \"SORT\": \"program\",\n  \"RANGE\": {\n    \"start\": {\n      \"line\": 1,\n      \"column\": 1\n    },\n    \"end\": {\n      \"line\": 8,\n      \"column\": 50\n    }\n  },\n  \"statements\": [\n    {\n      \"SORT\": \"export_statement\",\n      \"RANGE\": {\n        \"start\": {\n          \"line\": 1,\n          \"column\": 1\n        },\n        \"end\": {\n          \"line\": 6,\n          \"column\": 12\n        }\n      },\n      \"declaration\": {\n        \"SORT\": \"lexical_declaration\",\n        \"RANGE\": {\n          \"start\": {\n            \"line\": 1,\n            \"column\": 8\n          },\n          \"end\": {\n            \"line\": 6,\n            \"column\": 12\n          }\n        },\n        \"declarations\": [\n          {\n            \"SORT\": \"variable_declarator\",\n            \"RANGE\": {\n              \"start\": {\n                \"line\": 1,\n                \"column\": 14\n              },\n              \"end\": {\n                \"line\": 6,\n                \"column\": 11\n              }\n            },\n            \"name\": {\n              \"SORT\": \"identifier\",\n              \"RANGE\": {\n                \"start\": {\n                  \"line\": 1,\n                  \"column\": 14\n                },\n                \"end\": {\n                  \"line\": 1,\n                  \"column\": 20\n                }\n              },\n              \"TEXT\": \"stdlib\"\n            },\n            \"value\": {\n              \"SORT\": \"as_expression\",\n              \"RANGE\": {\n                \"start\": {\n                  \"line\": 1,\n                  \"column\": 23\n                },\n                \"end\": {\n                  \"line\": 6,\n                  \"column\": 11\n                }\n              },\n              \"expression\": {\n                \"SORT\": \"array\",\n                \"RANGE\": {\n                  \"start\": {\n                    \"line\": 1,\n                    \"column\": 23\n                  },\n                  \"end\": {\n                    \"line\": 6,\n                    \"column\": 2\n                  }\n                },\n                \"elements\": [\n                  {\n                    \"SORT\": \"string\",\n                    \"RANGE\": {\n                      \"start\": {\n                        \"line\": 2,\n                        \"column\": 3\n                      },\n                      \"end\": {\n                        \"line\": 2,\n                        \"column\": 8\n                      }\n                    },\n                    \"fragment\": [\n                      {\n                        \"SORT\": \"string_fragment\",\n                        \"RANGE\": {\n                          \"start\": {\n                            \"line\": 2,\n                            \"column\": 4\n                          },\n                          \"end\": {\n                            \"line\": 2,\n                            \"column\": 7\n                          }\n                        },\n                        \"TEXT\": \"foo\"\n                      }\n                    ],\n                    \"CHILDREN\": [\n                      {\n                        \"SORT\": \"'\",\n                        \"RANGE\": {\n                          \"start\": {\n                            \"line\": 2,\n                            \"column\": 3\n                          },\n                          \"end\": {\n                            \"line\": 2,\n                            \"column\": 4\n                          }\n                        },\n                        \"TEXT\": \"'\"\n                      },\n                      {\n                        \"SORT\": \"'\",\n                        \"RANGE\": {\n                          \"start\": {\n                            \"line\": 2,\n                            \"column\": 7\n                          },\n                          \"end\": {\n                            \"line\": 2,\n                            \"column\": 8\n                          }\n                        },\n                        \"TEXT\": \"'\"\n                      }\n                    ]\n                  },\n                  {\n                    \"SORT\": \",\",\n                    \"RANGE\": {\n                      \"start\": {\n                        \"line\": 2,\n                        \"column\": 8\n                      },\n                      \"end\": {\n                        \"line\": 2,\n                        \"column\": 9\n                      }\n                    },\n                    \"TEXT\": \",\"\n                  },\n                  {\n                    \"SORT\": \"string\",\n                    \"RANGE\": {\n                      \"start\": {\n                        \"line\": 3,\n                        \"column\": 3\n                      },\n                      \"end\": {\n                        \"line\": 3,\n                        \"column\": 8\n                      }\n                    },\n                    \"fragment\": [\n                      {\n                        \"SORT\": \"string_fragment\",\n                        \"RANGE\": {\n                          \"start\": {\n                            \"line\": 3,\n                            \"column\": 4\n                          },\n                          \"end\": {\n                            \"line\": 3,\n                            \"column\": 7\n                          }\n                        },\n                        \"TEXT\": \"bar\"\n                      }\n                    ],\n                    \"CHILDREN\": [\n                      {\n                        \"SORT\": \"'\",\n                        \"RANGE\": {\n                          \"start\": {\n                            \"line\": 3,\n                            \"column\": 3\n                          },\n                          \"end\": {\n                            \"line\": 3,\n                            \"column\": 4\n                          }\n                        },\n                        \"TEXT\": \"'\"\n                      },\n                      {\n                        \"SORT\": \"'\",\n                        \"RANGE\": {\n                          \"start\": {\n                            \"line\": 3,\n                            \"column\": 7\n                          },\n                          \"end\": {\n                            \"line\": 3,\n                            \"column\": 8\n                          }\n                        },\n                        \"TEXT\": \"'\"\n                      }\n                    ]\n                  },\n                  {\n                    \"SORT\": \",\",\n                    \"RANGE\": {\n                      \"start\": {\n                        \"line\": 3,\n                        \"column\": 8\n                      },\n                      \"end\": {\n                        \"line\": 3,\n                        \"column\": 9\n                      }\n                    },\n                    \"TEXT\": \",\"\n                  },\n                  {\n                    \"SORT\": \"string\",\n                    \"RANGE\": {\n                      \"start\": {\n                        \"line\": 4,\n                        \"column\": 3\n                      },\n                      \"end\": {\n                        \"line\": 4,\n                        \"column\": 8\n                      }\n                    },\n                    \"fragment\": [\n                      {\n                        \"SORT\": \"string_fragment\",\n                        \"RANGE\": {\n                          \"start\": {\n                            \"line\": 4,\n                            \"column\": 4\n                          },\n                          \"end\": {\n                            \"line\": 4,\n                            \"column\": 7\n                          }\n                        },\n                        \"TEXT\": \"baz\"\n                      }\n                    ],\n                    \"CHILDREN\": [\n                      {\n                        \"SORT\": \"'\",\n                        \"RANGE\": {\n                          \"start\": {\n                            \"line\": 4,\n                            \"column\": 3\n                          },\n                          \"end\": {\n                            \"line\": 4,\n                            \"column\": 4\n                          }\n                        },\n                        \"TEXT\": \"'\"\n                      },\n                      {\n                        \"SORT\": \"'\",\n                        \"RANGE\": {\n                          \"start\": {\n                            \"line\": 4,\n                            \"column\": 7\n                          },\n                          \"end\": {\n                            \"line\": 4,\n                            \"column\": 8\n                          }\n                        },\n                        \"TEXT\": \"'\"\n                      }\n                    ]\n                  },\n                  {\n                    \"SORT\": \",\",\n                    \"RANGE\": {\n                      \"start\": {\n                        \"line\": 4,\n                        \"column\": 8\n                      },\n                      \"end\": {\n                        \"line\": 4,\n                        \"column\": 9\n                      }\n                    },\n                    \"TEXT\": \",\"\n                  },\n                  {\n                    \"SORT\": \"string\",\n                    \"RANGE\": {\n                      \"start\": {\n                        \"line\": 5,\n                        \"column\": 3\n                      },\n                      \"end\": {\n                        \"line\": 5,\n                        \"column\": 8\n                      }\n                    },\n                    \"fragment\": [\n                      {\n                        \"SORT\": \"string_fragment\",\n                        \"RANGE\": {\n                          \"start\": {\n                            \"line\": 5,\n                            \"column\": 4\n                          },\n                          \"end\": {\n                            \"line\": 5,\n                            \"column\": 7\n                          }\n                        },\n                        \"TEXT\": \"qux\"\n                      }\n                    ],\n                    \"CHILDREN\": [\n                      {\n                        \"SORT\": \"'\",\n                        \"RANGE\": {\n                          \"start\": {\n                            \"line\": 5,\n                            \"column\": 3\n                          },\n                          \"end\": {\n                            \"line\": 5,\n                            \"column\": 4\n                          }\n                        },\n                        \"TEXT\": \"'\"\n                      },\n                      {\n                        \"SORT\": \"'\",\n                        \"RANGE\": {\n                          \"start\": {\n                            \"line\": 5,\n                            \"column\": 7\n                          },\n                          \"end\": {\n                            \"line\": 5,\n                            \"column\": 8\n                          }\n                        },\n                        \"TEXT\": \"'\"\n                      }\n                    ]\n                  }\n                ],\n                \"CHILDREN\": [\n                  {\n                    \"SORT\": \"[\",\n                    \"RANGE\": {\n                      \"start\": {\n                        \"line\": 1,\n                        \"column\": 23\n                      },\n                      \"end\": {\n                        \"line\": 1,\n                        \"column\": 24\n                      }\n                    },\n                    \"TEXT\": \"[\"\n                  },\n                  {\n                    \"SORT\": \"]\",\n                    \"RANGE\": {\n                      \"start\": {\n                        \"line\": 6,\n                        \"column\": 1\n                      },\n                      \"end\": {\n                        \"line\": 6,\n                        \"column\": 2\n                      }\n                    },\n                    \"TEXT\": \"]\"\n                  }\n                ]\n              },\n              \"type\": {\n                \"SORT\": \"const\",\n                \"RANGE\": {\n                  \"start\": {\n                    \"line\": 6,\n                    \"column\": 6\n                  },\n                  \"end\": {\n                    \"line\": 6,\n                    \"column\": 11\n                  }\n                },\n                \"TEXT\": \"const\"\n              },\n              \"CHILDREN\": [\n                {\n                  \"SORT\": \"as\",\n                  \"RANGE\": {\n                    \"start\": {\n                      \"line\": 6,\n                      \"column\": 3\n                    },\n                    \"end\": {\n                      \"line\": 6,\n                      \"column\": 5\n                    }\n                  },\n                  \"TEXT\": \"as\"\n                }\n              ]\n            },\n            \"CHILDREN\": [\n              {\n                \"SORT\": \"=\",\n                \"RANGE\": {\n                  \"start\": {\n                    \"line\": 1,\n                    \"column\": 21\n                  },\n                  \"end\": {\n                    \"line\": 1,\n                    \"column\": 22\n                  }\n                },\n                \"TEXT\": \"=\"\n              }\n            ]\n          }\n        ],\n        \"kind\": {\n          \"SORT\": \"const\",\n          \"RANGE\": {\n            \"start\": {\n              \"line\": 1,\n              \"column\": 8\n            },\n            \"end\": {\n              \"line\": 1,\n              \"column\": 13\n            }\n          },\n          \"TEXT\": \"const\"\n        },\n        \"CHILDREN\": [\n          {\n            \"SORT\": \";\",\n            \"RANGE\": {\n              \"start\": {\n                \"line\": 6,\n                \"column\": 11\n              },\n              \"end\": {\n                \"line\": 6,\n                \"column\": 12\n              }\n            },\n            \"TEXT\": \";\"\n          }\n        ]\n      },\n      \"CHILDREN\": [\n        {\n          \"SORT\": \"export\",\n          \"RANGE\": {\n            \"start\": {\n              \"line\": 1,\n              \"column\": 1\n            },\n            \"end\": {\n              \"line\": 1,\n              \"column\": 7\n            }\n          },\n          \"TEXT\": \"export\"\n        }\n      ]\n    },\n    {\n      \"SORT\": \"export_statement\",\n      \"RANGE\": {\n        \"start\": {\n          \"line\": 8,\n          \"column\": 1\n        },\n        \"end\": {\n          \"line\": 8,\n          \"column\": 50\n        }\n      },\n      \"declaration\": {\n        \"SORT\": \"type_alias_declaration\",\n        \"RANGE\": {\n          \"start\": {\n            \"line\": 8,\n            \"column\": 8\n          },\n          \"end\": {\n            \"line\": 8,\n            \"column\": 50\n          }\n        },\n        \"name\": {\n          \"SORT\": \"type_identifier\",\n          \"RANGE\": {\n            \"start\": {\n              \"line\": 8,\n              \"column\": 13\n            },\n            \"end\": {\n              \"line\": 8,\n              \"column\": 33\n            }\n          },\n          \"TEXT\": \"StdLibNamedFunctions\"\n        },\n        \"value\": {\n          \"SORT\": \"type_query\",\n          \"RANGE\": {\n            \"start\": {\n              \"line\": 8,\n              \"column\": 36\n            },\n            \"end\": {\n              \"line\": 8,\n              \"column\": 49\n            }\n          },\n          \"TEXT\": \"typeof stdlib\",\n          \"CHILDREN\": [\n            {\n              \"SORT\": \"typeof\",\n              \"RANGE\": {\n                \"start\": {\n                  \"line\": 8,\n                  \"column\": 36\n                },\n                \"end\": {\n                  \"line\": 8,\n                  \"column\": 42\n                }\n              },\n              \"TEXT\": \"typeof\"\n            },\n            {\n              \"SORT\": \"identifier\",\n              \"RANGE\": {\n                \"start\": {\n                  \"line\": 8,\n                  \"column\": 43\n                },\n                \"end\": {\n                  \"line\": 8,\n                  \"column\": 49\n                }\n              },\n              \"TEXT\": \"stdlib\"\n            }\n          ]\n        },\n        \"CHILDREN\": [\n          {\n            \"SORT\": \"type\",\n            \"RANGE\": {\n              \"start\": {\n                \"line\": 8,\n                \"column\": 8\n              },\n              \"end\": {\n                \"line\": 8,\n                \"column\": 12\n              }\n            },\n            \"TEXT\": \"type\",\n            \"CHILDREN\": [\n              {\n                \"SORT\": \"type\",\n                \"RANGE\": {\n                  \"start\": {\n                    \"line\": 8,\n                    \"column\": 8\n                  },\n                  \"end\": {\n                    \"line\": 8,\n                    \"column\": 12\n                  }\n                },\n                \"TEXT\": \"type\"\n              }\n            ]\n          },\n          {\n            \"SORT\": \"=\",\n            \"RANGE\": {\n              \"start\": {\n                \"line\": 8,\n                \"column\": 34\n              },\n              \"end\": {\n                \"line\": 8,\n                \"column\": 35\n              }\n            },\n            \"TEXT\": \"=\"\n          },\n          {\n            \"SORT\": \";\",\n            \"RANGE\": {\n              \"start\": {\n                \"line\": 8,\n                \"column\": 49\n              },\n              \"end\": {\n                \"line\": 8,\n                \"column\": 50\n              }\n            },\n            \"TEXT\": \";\"\n          }\n        ]\n      },\n      \"CHILDREN\": [\n        {\n          \"SORT\": \"export\",\n          \"RANGE\": {\n            \"start\": {\n              \"line\": 8,\n              \"column\": 1\n            },\n            \"end\": {\n              \"line\": 8,\n              \"column\": 7\n            }\n          },\n          \"TEXT\": \"export\"\n        }\n      ]\n    }\n  ]\n}"
  rewritten:
    messages: []
    variables: []
    sourceFile: ~/dev/rewriter/packages/timekeeper/src/__generated__/stdlib.ts
    content: "export const stdlib = [\n  'show', 'apply', 'sh'\n] as const;\n\nexport type StdLibNamedFunctions = typeof stdlib;"
    byteRanges:
      - start: 26
        end: 47
  ansiSummary: ""
  reason: ~
- __typename: DoneFile
  relativeFilePath: ~/dev/rewriter/packages/sdk/src/stdlib/index.ts
- __typename: DoneFile
  relativeFilePath: ~/dev/rewriter/packages/timekeeper/src/__generated__/stdlib.ts
