---
source: apps/marzano/core/src/test.rs
expression: results
---
- __typename: Rewrite
  original:
    messages: []
    variables:
      - name: $new_files
        scopedName: 0_0_$new_files
        ranges: []
      - name: $program
        scopedName: 0_1_$program
        ranges: []
      - name: $filename
        scopedName: 0_2_$filename
        ranges: []
      - name: $absolute_filename
        scopedName: 0_3_$absolute_filename
        ranges: []
      - name: $match
        scopedName: 1_0_$match
        ranges:
          - start:
              line: 1
              column: 1
            end:
              line: 1
              column: 13
            startByte: 0
            endByte: 12
    sourceFile: foo.md
    ranges:
      - start:
          line: 1
          column: 1
        end:
          line: 1
          column: 13
        startByte: 0
        endByte: 12
    debug: "{\n  \"SORT\": \"inline\",\n  \"RANGE\": {\n    \"start\": {\n      \"line\": 1,\n      \"column\": 1\n    },\n    \"end\": {\n      \"line\": 1,\n      \"column\": 13\n    }\n  },\n  \"element\": [\n    {\n      \"SORT\": \"inline_link\",\n      \"RANGE\": {\n        \"start\": {\n          \"line\": 1,\n          \"column\": 1\n        },\n        \"end\": {\n          \"line\": 1,\n          \"column\": 13\n        }\n      },\n      \"destination\": {\n        \"SORT\": \"link_destination\",\n        \"RANGE\": {\n          \"start\": {\n            \"line\": 1,\n            \"column\": 8\n          },\n          \"end\": {\n            \"line\": 1,\n            \"column\": 12\n          }\n        },\n        \"link\": [\n          {\n            \"SORT\": \"word\",\n            \"RANGE\": {\n              \"start\": {\n                \"line\": 1,\n                \"column\": 8\n              },\n              \"end\": {\n                \"line\": 1,\n                \"column\": 12\n              }\n            },\n            \"TEXT\": \"link\",\n            \"CHILDREN\": [\n              {\n                \"SORT\": \"word_no_digit\",\n                \"RANGE\": {\n                  \"start\": {\n                    \"line\": 1,\n                    \"column\": 8\n                  },\n                  \"end\": {\n                    \"line\": 1,\n                    \"column\": 12\n                  }\n                },\n                \"TEXT\": \"link\"\n              }\n            ]\n          }\n        ]\n      },\n      \"identifier\": {\n        \"SORT\": \"link_text\",\n        \"RANGE\": {\n          \"start\": {\n            \"line\": 1,\n            \"column\": 1\n          },\n          \"end\": {\n            \"line\": 1,\n            \"column\": 7\n          }\n        },\n        \"text\": {\n          \"SORT\": \"link_text_non_empty\",\n          \"RANGE\": {\n            \"start\": {\n              \"line\": 1,\n              \"column\": 1\n            },\n            \"end\": {\n              \"line\": 1,\n              \"column\": 7\n            }\n          },\n          \"name\": {\n            \"SORT\": \"link_text\",\n            \"RANGE\": {\n              \"start\": {\n                \"line\": 1,\n                \"column\": 2\n              },\n              \"end\": {\n                \"line\": 1,\n                \"column\": 6\n              }\n            },\n            \"element\": [\n              {\n                \"SORT\": \"word\",\n                \"RANGE\": {\n                  \"start\": {\n                    \"line\": 1,\n                    \"column\": 2\n                  },\n                  \"end\": {\n                    \"line\": 1,\n                    \"column\": 6\n                  }\n                },\n                \"TEXT\": \"text\",\n                \"CHILDREN\": [\n                  {\n                    \"SORT\": \"word_no_digit\",\n                    \"RANGE\": {\n                      \"start\": {\n                        \"line\": 1,\n                        \"column\": 2\n                      },\n                      \"end\": {\n                        \"line\": 1,\n                        \"column\": 6\n                      }\n                    },\n                    \"TEXT\": \"text\"\n                  }\n                ]\n              }\n            ]\n          },\n          \"CHILDREN\": [\n            {\n              \"SORT\": \"[\",\n              \"RANGE\": {\n                \"start\": {\n                  \"line\": 1,\n                  \"column\": 1\n                },\n                \"end\": {\n                  \"line\": 1,\n                  \"column\": 2\n                }\n              },\n              \"TEXT\": \"[\"\n            },\n            {\n              \"SORT\": \"]\",\n              \"RANGE\": {\n                \"start\": {\n                  \"line\": 1,\n                  \"column\": 6\n                },\n                \"end\": {\n                  \"line\": 1,\n                  \"column\": 7\n                }\n              },\n              \"TEXT\": \"]\"\n            }\n          ]\n        }\n      },\n      \"CHILDREN\": [\n        {\n          \"SORT\": \"(\",\n          \"RANGE\": {\n            \"start\": {\n              \"line\": 1,\n              \"column\": 7\n            },\n            \"end\": {\n              \"line\": 1,\n              \"column\": 8\n            }\n          },\n          \"TEXT\": \"(\"\n        },\n        {\n          \"SORT\": \")\",\n          \"RANGE\": {\n            \"start\": {\n              \"line\": 1,\n              \"column\": 12\n            },\n            \"end\": {\n              \"line\": 1,\n              \"column\": 13\n            }\n          },\n          \"TEXT\": \")\"\n        }\n      ]\n    }\n  ]\n}"
  rewritten:
    messages: []
    variables: []
    sourceFile: foo.md
    content: "[changed](link)"
    byteRanges:
      - start: 0
        end: 15
  ansiSummary: ""
  reason: ~
- __typename: DoneFile
  relativeFilePath: foo.md

